// Jest Snapshot v1, https://goo.gl/fbAQLP

exports[`<Button /> should match snapshot to assure that the component is being rendered correctly 1`] = `
<div>
  <button
    class="rounded-full border-1 font-semibold outline outline-transparent outline-2 outline-offset-2 items-center flex justify-center px-base py-small lg:px-large text-base lg:py-[12px] bg-orange-300-contrast text-white hover:bg-orange-500 focus:bg-orange-300-contrast focus:outline-orange-100"
    type="button"
  >
    <p>
      Alert text
    </p>
  </button>
</div>
`;
