// Jest Snapshot v1, https://goo.gl/fbAQLP

exports[`LinkIconButton should match snapshot to assure that the component is being rendered correctly 1`] = `
<div>
  <a
    aria-label="Check button"
    class="no-underline"
    href="/test"
  >
    <button
      class="m-0 rounded-full border font-semibold focus:outline-none items-center flex justify-center px-base py-small lg:px-large text-base lg:py-medium px-xsmall py-xsmall hover:bg-transparent hover:border-transparent bg-transparent text-neutral-700 lg:px-small lg:py-small focus:bg-transparent btn-square mx-1 min-w-0 px-medium py-0"
      type="button"
    >
      <div
        class="icon w-base lg:w-large max-h-full max-w-full"
      >
        <svg
          data-file-name="SvgCheckIcon"
        />
      </div>
    </button>
  </a>
</div>
`;
