// Jest Snapshot v1, https://goo.gl/fbAQLP

exports[`<Switch /> should match snapshot to assure that the component is being rendered correctly 1`] = `
<div>
  <div
    class="space-between flex items-center gap-2"
  >
    <button
      aria-checked="false"
      class="relative h-6 w-[52px] rounded-[21px] border-[1px] border-solid border-neutral-950 bg-neutral-400 focus:bg-neutral-400 focus:outline-none disabled:border-none"
      data-state="unchecked"
      id="Test id"
      role="switch"
      type="button"
      value="on"
    >
      <span
        class="transition:transform block h-5 w-[21px] rounded-full bg-white transition-[2000ms] translate-x-[1px]"
        data-state="unchecked"
      />
    </button>
    <label
      for="Test id"
    >
      Test label
    </label>
  </div>
</div>
`;
