// Jest Snapshot v1, https://goo.gl/fbAQLP

exports[`<Checkbox /> should match snapshot to assure that the component is being rendered correctly 1`] = `
<div>
  <div
    class="flex items-center gap-2"
  >
    <button
      aria-checked="false"
      class="p-0 flex h-5 w-5 items-center justify-center rounded-md border-solid border-[#6E6D73] bg-white focus:outline-none"
      data-state="unchecked"
      id="Test id"
      role="checkbox"
      type="button"
      value="on"
    />
    <label
      class="Label"
      for="Test id"
    >
      Test label
    </label>
  </div>
</div>
`;
