// Jest Snapshot v1, https://goo.gl/fbAQLP

exports[`Header should match snapshot to assure that the component is being rendered correctly 1`] = `
<div>
  <div
    class="mb-large lg:mb-xxlarge"
  >
    <div
      class="mb-large flex items-center justify-between lg:m-0"
    >
      <div
        class="flex items-center"
      >
        <h2
          class="font-bold m-0 leading-[1.1] text-neutral-950 lg:text-32 text-24"
        >
          Test Title
        </h2>
      </div>
      <div>
        Primary
      </div>
    </div>
    <div>
      Secondary
    </div>
  </div>
</div>
`;
