// Jest Snapshot v1, https://goo.gl/fbAQLP

exports[`PetCardInfo should match snapshot to assure that the component is being rendered correctly 1`] = `
<div>
  <div
    class="w-full p-large lg:p-xxlarge"
  >
    <div
      class="max-h-xxxlarge mb-small flex w-full items-center justify-between"
    >
      <h1
        class="lg:text-3xl text-xl font-bold text-neutral-950"
      >
        Test pet card info
      </h1>
      <button
        class="rounded-full border-1 font-semibold outline outline-transparent outline-2 outline-offset-2 items-center flex justify-center px-base py-small lg:px-large text-base lg:py-medium bg-white border-neutral-700 text-neutral-700 hover:bg-neutral-100 focus:bg-white focus:outline-neutral-100"
        type="button"
      >
        <div
          class="icon w-base lg:w-large mr-small"
          style="height: 16px; width: 16px;"
        >
          <svg
            data-file-name="SvgShieldGoodIcon"
          />
        </div>
        Report lost pet
      </button>
    </div>
    <div
      class="hidden md:block"
    >
      <span
        aria-label="Microchip number: "
      >
        Microchip#: 
      </span>
    </div>
    <div
      class="block md:hidden"
    >
      <div
        class="flex items-center"
      >
        <span
          aria-label="Animal sex: undefined"
        />
        <div
          class="px-medium flex"
        >
          <div
            class="icon w-base lg:w-large"
            style="height: 4px; width: 4px;"
          >
            <svg
              data-file-name="SvgEllipseIcon"
            />
          </div>
        </div>
        <span
          aria-label="Animal breed: undefined"
        />
      </div>
    </div>
  </div>
</div>
`;
