// Jest Snapshot v1, https://goo.gl/fbAQLP

exports[`<Card /> should match snapshot to assure that the component is being rendered correctly 1`] = `
<div>
  <div
    class="overflow-hidden border border-solid border-[#d0d0d6] bg-neutral-white rounded-2xl"
  >
    <p>
      Test children
    </p>
  </div>
</div>
`;
